// Jest Snapshot v1, https://goo.gl/fbAQLP

exports[`should render app as snapshot 1`] = `
<div
  className="MuiContainer-root MuiContainer-maxWidthXl css-96iuil-MuiContainer-root"
>
  <header
    className="MuiPaper-root MuiPaper-elevation MuiPaper-elevation4 MuiAppBar-root MuiAppBar-colorPrimary MuiAppBar-positionStatic css-hip9hq-MuiPaper-root-MuiAppBar-root"
  >
    <div
      className="MuiToolbar-root MuiToolbar-gutters MuiToolbar-regular css-hyum1k-MuiToolbar-root"
    >
      <a
        href="/"
        onClick={[Function]}
      >
        <svg
          aria-hidden={true}
          className="MuiSvgIcon-root MuiSvgIcon-fontSizeMedium css-i4bv87-MuiSvgIcon-root"
          data-testid="HomeIcon"
          focusable="false"
          viewBox="0 0 24 24"
        >
          <path
            d="M10 20v-6h4v6h5v-8h3L12 3 2 12h3v8z"
          />
        </svg>
      </a>
      <a
        className="arrow-back"
        href="/"
        onClick={[Function]}
      >
        <svg
          aria-hidden={true}
          className="MuiSvgIcon-root MuiSvgIcon-fontSizeMedium css-i4bv87-MuiSvgIcon-root"
          data-testid="ArrowBackIcon"
          focusable="false"
          viewBox="0 0 24 24"
        >
          <path
            d="M20 11H7.83l5.59-5.59L12 4l-8 8 8 8 1.41-1.41L7.83 13H20v-2z"
          />
        </svg>
      </a>
      <h1
        className="MuiTypography-root MuiTypography-h1 navbar-title css-sqoje6-MuiTypography-root"
      >
        Book list
      </h1>
    </div>
  </header>
  <div
    className="MuiGrid-root MuiGrid-container MuiGrid-spacing-xs-5 css-194pqrn-MuiGrid-root"
  />
</div>
`;
