// Jest Snapshot v1, https://goo.gl/fbAQLP

exports[`should render as snapshot with status fulfilled 1`] = `
Array [
  <header
    className="MuiPaper-root MuiPaper-elevation MuiPaper-elevation4 MuiAppBar-root MuiAppBar-colorPrimary MuiAppBar-positionStatic css-hip9hq-MuiPaper-root-MuiAppBar-root"
  >
    <div
      className="MuiToolbar-root MuiToolbar-gutters MuiToolbar-regular css-hyum1k-MuiToolbar-root"
    >
      <a
        href="/"
        onClick={[Function]}
      >
        <svg
          aria-hidden={true}
          className="MuiSvgIcon-root MuiSvgIcon-fontSizeMedium css-i4bv87-MuiSvgIcon-root"
          data-testid="HomeIcon"
          focusable="false"
          viewBox="0 0 24 24"
        >
          <path
            d="M10 20v-6h4v6h5v-8h3L12 3 2 12h3v8z"
          />
        </svg>
      </a>
      <a
        className="arrow-back"
        href="/"
        onClick={[Function]}
      >
        <svg
          aria-hidden={true}
          className="MuiSvgIcon-root MuiSvgIcon-fontSizeMedium css-i4bv87-MuiSvgIcon-root"
          data-testid="ArrowBackIcon"
          focusable="false"
          viewBox="0 0 24 24"
        >
          <path
            d="M20 11H7.83l5.59-5.59L12 4l-8 8 8 8 1.41-1.41L7.83 13H20v-2z"
          />
        </svg>
      </a>
      <h1
        className="MuiTypography-root MuiTypography-h1 navbar-title css-sqoje6-MuiTypography-root"
      >
        title
      </h1>
    </div>
  </header>,
  <span
    className="section-title"
  >
    Infos :
  </span>,
  <div
    className="MuiPaper-root MuiPaper-elevation MuiPaper-rounded MuiPaper-elevation3 book-infos css-obvova-MuiPaper-root"
  >
    <ul
      className="MuiList-root MuiList-padding css-xpcooq-MuiList-root"
    >
      <li
        className="MuiListItem-root MuiListItem-gutters css-1xtwiqb-MuiListItem-root"
        disabled={false}
      >
        <div
          className="MuiListItemIcon-root css-cveggr-MuiListItemIcon-root"
        >
          <svg
            aria-hidden={true}
            className="MuiSvgIcon-root MuiSvgIcon-fontSizeMedium css-i4bv87-MuiSvgIcon-root"
            data-testid="NoteAltIcon"
            focusable="false"
            viewBox="0 0 24 24"
          >
            <path
              d="M19 3h-4.18C14.4 1.84 13.3 1 12 1s-2.4.84-2.82 2H5c-1.1 0-2 .9-2 2v14c0 1.1.9 2 2 2h14c1.1 0 2-.9 2-2V5c0-1.1-.9-2-2-2zm-7-.25c.41 0 .75.34.75.75s-.34.75-.75.75-.75-.34-.75-.75.34-.75.75-.75zM9.1 17H7v-2.14l5.96-5.96 2.12 2.12L9.1 17zm7.75-7.73-1.06 1.06-2.12-2.12 1.06-1.06c.2-.2.51-.2.71 0l1.41 1.41c.2.2.2.51 0 .71z"
            />
          </svg>
        </div>
        By string
      </li>
      <li
        className="MuiListItem-root MuiListItem-gutters css-1xtwiqb-MuiListItem-root"
        disabled={false}
      >
        <div
          className="MuiListItemIcon-root css-cveggr-MuiListItemIcon-root"
        >
          <svg
            aria-hidden={true}
            className="MuiSvgIcon-root MuiSvgIcon-fontSizeMedium css-i4bv87-MuiSvgIcon-root"
            data-testid="AutoStoriesIcon"
            focusable="false"
            viewBox="0 0 24 24"
          >
            <path
              d="m19 1-5 5v11l5-4.5V1zM1 6v14.65c0 .25.25.5.5.5.1 0 .15-.05.25-.05C3.1 20.45 5.05 20 6.5 20c1.95 0 4.05.4 5.5 1.5V6c-1.45-1.1-3.55-1.5-5.5-1.5S2.45 4.9 1 6zm22 13.5V6c-.6-.45-1.25-.75-2-1v13.5c-1.1-.35-2.3-.5-3.5-.5-1.7 0-4.15.65-5.5 1.5v2c1.35-.85 3.8-1.5 5.5-1.5 1.65 0 3.35.3 4.75 1.05.1.05.15.05.25.05.25 0 .5-.25.5-.5v-1.1z"
            />
          </svg>
        </div>
        1 pages
      </li>
      <li
        className="MuiListItem-root MuiListItem-gutters css-1xtwiqb-MuiListItem-root"
        disabled={false}
      >
        <div
          className="MuiListItemIcon-root css-cveggr-MuiListItemIcon-root"
        >
          <svg
            aria-hidden={true}
            className="MuiSvgIcon-root MuiSvgIcon-fontSizeMedium css-i4bv87-MuiSvgIcon-root"
            data-testid="LocalPrintshopIcon"
            focusable="false"
            viewBox="0 0 24 24"
          >
            <path
              d="M19 8H5c-1.66 0-3 1.34-3 3v6h4v4h12v-4h4v-6c0-1.66-1.34-3-3-3zm-3 11H8v-5h8v5zm3-7c-.55 0-1-.45-1-1s.45-1 1-1 1 .45 1 1-.45 1-1 1zm-1-9H6v4h12V3z"
            />
          </svg>
        </div>
        Published by string
      </li>
      <li
        className="MuiListItem-root MuiListItem-gutters css-1xtwiqb-MuiListItem-root"
        disabled={false}
      >
        <div
          className="MuiListItemIcon-root css-cveggr-MuiListItemIcon-root"
        >
          <svg
            aria-hidden={true}
            className="MuiSvgIcon-root MuiSvgIcon-fontSizeMedium css-i4bv87-MuiSvgIcon-root"
            data-testid="CalendarMonthIcon"
            focusable="false"
            viewBox="0 0 24 24"
          >
            <path
              d="M19 4h-1V2h-2v2H8V2H6v2H5c-1.11 0-1.99.9-1.99 2L3 20c0 1.1.89 2 2 2h14c1.1 0 2-.9 2-2V6c0-1.1-.9-2-2-2zm0 16H5V10h14v10zM9 14H7v-2h2v2zm4 0h-2v-2h2v2zm4 0h-2v-2h2v2zm-8 4H7v-2h2v2zm4 0h-2v-2h2v2zm4 0h-2v-2h2v2z"
            />
          </svg>
        </div>
        Released on 01/08/1996
      </li>
    </ul>
  </div>,
  <div
    className="character-list"
  >
    <h2
      className="section-title"
    >
      Characters :
    </h2>
    <div
      className="MuiPaper-root MuiPaper-elevation MuiPaper-rounded MuiPaper-elevation3 css-3su884-MuiPaper-root"
    >
      <ul
        className="MuiList-root MuiList-padding css-epc8ws-MuiList-root"
        id="character-scroll-list"
      />
    </div>
  </div>,
]
`;

exports[`should render as snapshot with status idle 1`] = `null`;

exports[`should render as snapshot with status pending 1`] = `
Array [
  <div
    className="overlay"
  />,
  <div
    className="MuiPaper-root MuiPaper-elevation MuiPaper-rounded MuiPaper-elevation5 loader css-qh7kl5-MuiPaper-root"
  >
    <svg
      aria-hidden={true}
      className="MuiSvgIcon-root MuiSvgIcon-fontSizeMedium css-i4bv87-MuiSvgIcon-root"
      data-testid="HourglassBottomIcon"
      focusable="false"
      viewBox="0 0 24 24"
    >
      <path
        d="m18 22-.01-6L14 12l3.99-4.01L18 2H6v6l4 4-4 3.99V22h12zM8 7.5V4h8v3.5l-4 4-4-4z"
      />
    </svg>
  </div>,
]
`;

exports[`should render as snapshot with status rejected 1`] = `
<div
  className="section-title"
>
  Book not found
</div>
`;
