// Jest Snapshot v1, https://goo.gl/fbAQLP

exports[`should render as snapshot 1`] = `
Array [
  <div
    className="overlay"
  />,
  <div
    className="MuiPaper-root MuiPaper-elevation MuiPaper-rounded MuiPaper-elevation5 loader css-qh7kl5-MuiPaper-root"
  >
    <svg
      aria-hidden={true}
      className="MuiSvgIcon-root MuiSvgIcon-fontSizeMedium css-i4bv87-MuiSvgIcon-root"
      data-testid="HourglassBottomIcon"
      focusable="false"
      viewBox="0 0 24 24"
    >
      <path
        d="m18 22-.01-6L14 12l3.99-4.01L18 2H6v6l4 4-4 3.99V22h12zM8 7.5V4h8v3.5l-4 4-4-4z"
      />
    </svg>
  </div>,
]
`;
